// Jest Snapshot v1, https://goo.gl/fbAQLP

exports[`<ExpensesSumary/> should render <ExpensesSumary /> element 1`] = `
<div>
  <h1>
    Viewing 
    2
     expense
    s
     totalling
     
    $1.11
  </h1>
</div>
`;
